../Src/HAL/LCD/LCD_program.c:7:13:_delay_ms	24	static,ignoring_inline_asm
../Src/HAL/LCD/LCD_program.c:169:13:WriteIns	16	static
../Src/HAL/LCD/LCD_program.c:193:13:WriteData	16	static
../Src/HAL/LCD/LCD_program.c:215:6:LCD_Init	8	static
../Src/HAL/LCD/LCD_program.c:226:6:LCD_PinsInit	8	static
../Src/HAL/LCD/LCD_program.c:241:6:LCD_WriteChar	16	static
../Src/HAL/LCD/LCD_program.c:245:6:LCD_WriteString	24	static
../Src/HAL/LCD/LCD_program.c:254:6:LCD_SetCursor	16	static
../Src/HAL/LCD/LCD_program.c:265:6:LCD4_SetCursor	16	static
../Src/HAL/LCD/LCD_program.c:284:6:LCD_Clear	8	static
../Src/HAL/LCD/LCD_program.c:291:6:LCD_WriteNumber	32	static
../Src/HAL/LCD/LCD_program.c:319:6:LCD_WriteBinary	24	static
../Src/HAL/LCD/LCD_program.c:330:6:LCD_ClearLoc	24	static
../Src/HAL/LCD/LCD_program.c:341:6:LCD4_ClearLoc	24	static
../Src/HAL/LCD/LCD_program.c:352:6:LCD_WriteNumber_3D	16	static
../Src/HAL/LCD/LCD_program.c:362:6:LCD_CustomChar	24	static
../Src/HAL/LCD/LCD_program.c:374:9:LCD_DisplayFloat	40	static
